refractory ceiling 333 Hz   reference stimulus olfactory_ORN=0.1

   inh   gain   bias  sigma     p0     net   net+   central_c kenyon_ce      MBON       DAN escape_GF  spread    resp  verdict
 1.553   1.50  0.025  0.040 0.0100    0.46   3.96        0.34      0.00      0.00      0.00      0.07    1.59    8.15  DEAD:keny,MBON,DAN
 1.553   1.50  0.025  0.060 0.0100    2.37   5.96        2.12      0.06      0.13      0.12      1.91    1.08    9.89  ok
 1.553   1.50  0.025  0.100 0.0100    7.52  11.00        7.39      4.09      4.92      4.14      7.21    0.26   12.06  ok
 1.553   2.00  0.025  0.040 0.0100    1.31   7.30        0.67      0.00      0.00      0.00      0.22    1.46   37.53  DEAD:keny,MBON,DAN
 1.553   2.00  0.025  0.060 0.0100    3.46   9.46        2.85      0.01      0.15      0.05      2.79    1.15   38.68  ok
 1.553   2.00  0.025  0.100 0.0100    8.20  13.76        8.13      4.21      4.36      3.93      7.43    0.32   36.61  ok
 1.553   2.50  0.025  0.040 0.0100    2.73  10.25        1.41      0.00      0.00      0.00      1.10    1.24   55.94  DEAD:keny,MBON,DAN
 1.553   2.50  0.025  0.060 0.0100    4.77  12.29        3.61      0.01      0.13      0.03      3.24    1.18   56.39  ok
 1.553   2.50  0.025  0.100 0.0100   12.95  16.08        8.79    104.61     66.52     69.63      7.79    0.73    9.70  ok
 1.553   3.00  0.025  0.040 0.0100    4.73  15.43        2.68      0.00      0.03      0.01      0.88    1.44  121.85  DEAD:keny,MBON,DAN
 1.553   3.00  0.025  0.060 0.0100    9.31  15.69        4.56    107.66     61.06     63.32      3.60    0.82   47.50  ok
 1.553   3.00  0.025  0.100 0.0100   15.15  18.60        9.86    121.93     94.12    134.07      9.49    0.73   19.63  ok

8 usable operating points
  inh=1.553 gain=2.5 bias=0.025 sigma=0.06 p0=0.01  net 4.77 Hz  spread 1.18  response 56.39 Hz
  inh=1.553 gain=3.0 bias=0.025 sigma=0.06 p0=0.01  net 9.31 Hz  spread 0.82  response 47.50 Hz
  inh=1.553 gain=2.0 bias=0.025 sigma=0.06 p0=0.01  net 3.46 Hz  spread 1.15  response 38.68 Hz
  inh=1.553 gain=2.0 bias=0.025 sigma=0.1 p0=0.01  net 8.20 Hz  spread 0.32  response 36.61 Hz
  inh=1.553 gain=3.0 bias=0.025 sigma=0.1 p0=0.01  net 15.15 Hz  spread 0.73  response 19.63 Hz
wrote measurements/sweep-gain2.json
